// Jest Snapshot v1, https://goo.gl/fbAQLP

exports[`should work as expected 1`] = `
"const bar = 42;

const favoriteFruit = "apple";"
`;
